
> trading-dashboard-frontend@1.0.0 test
> vitest run


 RUN  v0.34.6 /Users/pawan/Desktop/crypto demo/frontend

 ❯ src/test/useMarketStore.test.ts  (0 test)
 ❯ src/test/LiveTickerBadge.test.tsx  (0 test)
 ❯ src/test/LoginView.test.tsx  (0 test)

⎯⎯⎯⎯⎯⎯ Failed Suites 3 ⎯⎯⎯⎯⎯⎯⎯

 FAIL  src/test/LiveTickerBadge.test.tsx [ src/test/LiveTickerBadge.test.tsx ]
Error: Failed to resolve import "../../components/LiveTickerBadge" from "src/test/LiveTickerBadge.test.tsx". Does the file exist?
 ❯ formatError ../../crypto%20demo/frontend/node_modules/vite/dist/node/chunks/dep-827b23df.js:44066:46
 ❯ TransformContext.error ../../crypto%20demo/frontend/node_modules/vite/dist/node/chunks/dep-827b23df.js:44062:19
 ❯ normalizeUrl ../../crypto%20demo/frontend/node_modules/vite/dist/node/chunks/dep-827b23df.js:41845:33
 ❯ async file:/Users/pawan/Desktop/crypto%20demo/frontend/node_modules/vite/dist/node/chunks/dep-827b23df.js:41999:47
 ❯ TransformContext.transform ../../crypto%20demo/frontend/node_modules/vite/dist/node/chunks/dep-827b23df.js:41915:13
 ❯ Object.transform ../../crypto%20demo/frontend/node_modules/vite/dist/node/chunks/dep-827b23df.js:44356:30
 ❯ loadAndTransform ../../crypto%20demo/frontend/node_modules/vite/dist/node/chunks/dep-827b23df.js:55088:29

⎯⎯⎯⎯⎯⎯⎯⎯⎯⎯⎯⎯⎯⎯⎯⎯⎯⎯⎯⎯⎯⎯⎯⎯[1/3]⎯

 FAIL  src/test/LoginView.test.tsx [ src/test/LoginView.test.tsx ]
Error: Failed to resolve import "../../components/LoginView" from "src/test/LoginView.test.tsx". Does the file exist?
 ❯ formatError ../../crypto%20demo/frontend/node_modules/vite/dist/node/chunks/dep-827b23df.js:44066:46
 ❯ TransformContext.error ../../crypto%20demo/frontend/node_modules/vite/dist/node/chunks/dep-827b23df.js:44062:19
 ❯ normalizeUrl ../../crypto%20demo/frontend/node_modules/vite/dist/node/chunks/dep-827b23df.js:41845:33
 ❯ async file:/Users/pawan/Desktop/crypto%20demo/frontend/node_modules/vite/dist/node/chunks/dep-827b23df.js:41999:47
 ❯ TransformContext.transform ../../crypto%20demo/frontend/node_modules/vite/dist/node/chunks/dep-827b23df.js:41915:13
 ❯ Object.transform ../../crypto%20demo/frontend/node_modules/vite/dist/node/chunks/dep-827b23df.js:44356:30
 ❯ loadAndTransform ../../crypto%20demo/frontend/node_modules/vite/dist/node/chunks/dep-827b23df.js:55088:29

⎯⎯⎯⎯⎯⎯⎯⎯⎯⎯⎯⎯⎯⎯⎯⎯⎯⎯⎯⎯⎯⎯⎯⎯[2/3]⎯

 FAIL  src/test/useMarketStore.test.ts [ src/test/useMarketStore.test.ts ]
Error: Failed to resolve import "../../hooks/useMarketData" from "src/test/useMarketStore.test.ts". Does the file exist?
 ❯ formatError ../../crypto%20demo/frontend/node_modules/vite/dist/node/chunks/dep-827b23df.js:44066:46
 ❯ TransformContext.error ../../crypto%20demo/frontend/node_modules/vite/dist/node/chunks/dep-827b23df.js:44062:19
 ❯ normalizeUrl ../../crypto%20demo/frontend/node_modules/vite/dist/node/chunks/dep-827b23df.js:41845:33
 ❯ async file:/Users/pawan/Desktop/crypto%20demo/frontend/node_modules/vite/dist/node/chunks/dep-827b23df.js:41999:47
 ❯ TransformContext.transform ../../crypto%20demo/frontend/node_modules/vite/dist/node/chunks/dep-827b23df.js:41915:13
 ❯ Object.transform ../../crypto%20demo/frontend/node_modules/vite/dist/node/chunks/dep-827b23df.js:44356:30
 ❯ loadAndTransform ../../crypto%20demo/frontend/node_modules/vite/dist/node/chunks/dep-827b23df.js:55088:29

⎯⎯⎯⎯⎯⎯⎯⎯⎯⎯⎯⎯⎯⎯⎯⎯⎯⎯⎯⎯⎯⎯⎯⎯[3/3]⎯

 Test Files  3 failed (3)
      Tests  no tests
   Start at  19:10:01
   Duration  416ms (transform 16ms, setup 104ms, collect 0ms, tests 0ms, environment 486ms, prepare 264ms)

